C51 COMPILER V9.01   TEST_FUN2                                                             05/27/2011 11:08:21 PAGE 1   


C51 COMPILER V9.01, COMPILATION OF MODULE TEST_FUN2
OBJECT MODULE PLACED IN Test_fun2.OBJ
COMPILER INVOKED BY: d:\Keil_ARM_51开发环境\C51\BIN\C51.EXE Test_fun2.c BROWSE DEBUG OBJECTEXTEND

line level    source

   1          
   2          /*********************单片机晶振为24MHZ    加密芯片使用3.6864MHZ *******************************/
   3          
   4          #include<reg51.h>
   5          
   6          #define uchar  unsigned  char
   7          #define uint   unsigned  int
   8          sbit    REST = P2^2;                                                              //定义复位脚
   9          sbit    IO   = P2^0;                                                         //定义数据脚
  10          
  11          uchar   buf[25];                                                                   //数据缓存区
  12          uchar   SendBuf[4]={0xFF,0x10,0x94,0x7B} ;                //    发送高速通讯命令，该命令的通讯速度为（fosc/64）
  13          uchar   SendBuf_1[22]={0x80,0x08,0x00,0x00,0x11,0x02,0xAA,
  14                                                          0xAA,0xAA,0xAA,0xAA,0xAA,0xAA,0xAA,
  15                                                          0xff,0xff,0xff,0xff,0xff,0xff,0xff,0xff };
  16                                          
  17          
  18          uchar   SendBuf_2[5]={0x00,0xc0,0x00,0x00,0x08} ;       //发送获取数据命令
  19          
  20          /*****************用于微调发送接收的时间**************/
  21          void Delay_33us()                                               
  22          {
  23   1              uchar   i;
  24   1              for(i=0;i<19;i++);
  25   1      }       
  26                  
  27          /*********************发送接收一位的时间 etu=372/3.6864 = 100us*************
  28          ***************因发送接收其它指令也要占用时间这里的     DelayEtu = 90us********/                                        
  29          void Delay_90us()                                       
  30          {                                                                       
  31   1              uchar   i;
  32   1              for(i=0;i<58;i++);
  33   1      }
  34          
  35          /*****************上电发送复位请求******************/
  36          void Rest()                                                     
  37          {
  38   1              IO   = 1;                                       //必须为高等待接收LKT加密芯片发送的起始位
  39   1              REST = 0;
  40   1              Delay_90us();
  41   1              REST = 1; 
  42   1      } 
  43          
  44          /****************接收加密芯片在9600kbps下的返回信息并将其存入数据缓存区****************/
  45          void ReceArt(char m)                       
  46          {
  47   1              uchar i,n,sec;
  48   1              
  49   1              for(n=0;n<m;n++)
  50   1              {       
  51   2                      while(IO);
  52   2                      Delay_33us();                     //该延时的目的是使IO口接收数据的时间在芯片返回每位数据的近似中间位置
  53   2                      for(i=0;i<8;i++)                  //读一个字节函数 该循环一次的时间大约100us  左右 
  54   2                      {
  55   3                              Delay_90us();
C51 COMPILER V9.01   TEST_FUN2                                                             05/27/2011 11:08:21 PAGE 2   

  56   3                              for(sec=0;sec<3;sec++);  //微调时间
  57   3                              buf[n] >>= 1;
  58   3                              if(1 == IO)
  59   3                                      buf[n] |= 0x80;
  60   3                      }
  61   2                      Delay_90us(); 
  62   2                      ACC = buf[n];                                                              
  63   2                      if(IO == P)                                 //判断偶校验位
  64   2                      {
  65   3                          Delay_90us();                       //延时两个停止位
  66   3                              Delay_90us();
  67   3                      }       
  68   2              }
  69   1      }
  70          
  71          /****************接收加密芯片在57600kbps下的返回信息并将其存入数据缓存区****************/
  72           void ReceArt_1(char m)                    
  73          {
  74   1              uchar i,n,sec;
  75   1              for(n=0;n<m;n++)
  76   1              {       
  77   2                      while(IO);
  78   2                      for(sec=0;sec<5;sec++);         //该延时的目的是使IO口接收数据的时间在芯片返回每位数据的近似中间位置
  79   2                      for(i=0;i<8;i++)                   //读一个字节函数 该循环一次的时间大约17us 左右 
  80   2                      {
  81   3                              for(sec=0;sec<5;sec++);
  82   3                              buf[n] >>= 1;
  83   3                              if(1 == IO)
  84   3                                      buf[n] |= 0x80;
  85   3                      }
  86   2                      for(sec=0;sec<10;sec++); 
  87   2                      ACC = buf[n];                                                              
  88   2                      if(IO == P)                                 //判断偶校验位
  89   2                      {
  90   3                              Delay_33us();                   //延时两个停止位
  91   3                      }       
  92   2              }
  93   1      }
  94          /****************发送加密芯片提速命令****************/
  95          
  96          void SendChar(uchar m,uchar Send[])
  97          {
  98   1          uchar i,n,flag,sec,SendChar;
  99   1              
 100   1              for(n = 0 ;n<m ; n++)
 101   1                      {        
 102   2                              
 103   2                              ACC  = Send[n] ;
 104   2                              flag = P;
 105   2                              SendChar =      Send[n];                        //将发送的字节放在SendChar              
 106   2                              IO  = 0;        
 107   2                              for(i=0;i<8;i++)                            //发送一个字节  该循环一次的时间大约100us 左右
 108   2                              {
 109   3                                      Delay_90us();   
 110   3                                      for(sec=0;sec<5;sec++); 
 111   3                                      if(SendChar & 0x01)
 112   3                                              IO = 1;
 113   3                                      else
 114   3                                              IO = 0;
 115   3                                      SendChar >>=1;
 116   3                              }
 117   2                              Delay_90us();
C51 COMPILER V9.01   TEST_FUN2                                                             05/27/2011 11:08:21 PAGE 3   

 118   2                              IO = flag;                                         //发送保存的奇偶位
 119   2                              Delay_90us();   
 120   2                              IO = 1;                                            //发送停止位
 121   2                              Delay_90us();                   
 122   2                              Delay_90us();                              //延时两个停止位
 123   2                      }       
 124   1      }        
 125          
 126           /****************提速成57600之后发送获取随机数命令****************/
 127          void SendChar_1(uchar m,uchar Send[])
 128          {
 129   1          uchar i,n,flag,sec,SendChar;
 130   1              
 131   1                      for(n = 0 ;n<m ; n++)
 132   1                      {       
 133   2                              
 134   2                              ACC  = Send[n] ;
 135   2                              flag = P;  
 136   2                              SendChar =      Send[n];                        //将发送的字节放在SendChar       
 137   2                              IO  = 0;
 138   2                              for(i=0;i<8;i++)                           //发送一个字节
 139   2                              {
 140   3                                      for(sec=0;sec<7;sec++);
 141   3                                      if(SendChar & 0x01)
 142   3                                              IO = 1;
 143   3                                      else
 144   3                                              IO = 0;
 145   3                                      SendChar >>=1;
 146   3                              }
 147   2                              for(sec=0;sec<9;sec++);
 148   2                              IO = flag;                                         //发送保存的奇偶位
 149   2                              for(sec=0;sec<9;sec++); 
 150   2                              IO = 1;                                            //发送停止位
 151   2                              for(sec=0;sec<11;sec++);                
 152   2                      }
 153   1      }        
 154          
 155          void main()
 156          {
 157   1              uchar  temp;
 158   1              temp = SendBuf_1[1];                    //保存所发送第二字节
 159   1              Rest();
 160   1              ReceArt(17);                                    //必须接收完或延时足够长（大于LKT加密芯片向MCU传送返回信息的时间）才能向LKT加密芯片发送
             -数据
 161   1              Delay_90us();   
 162   1      
 163   1              SendChar(4,SendBuf)     ;                       //将SendBuf的长度和首地址传给SendChar(uchar m,uchar Send[])
 164   1              ReceArt(4);                                             //返回数据应为0xFF,0x10,0x94,0x7B 提速成功
 165   1      
 166   1              SendChar_1(5,SendBuf_1) ;               //根据T=0协议先向LKT加密芯片发送前5字节，LKT加密芯片应返回第二字节
 167   1              ReceArt_1(1);                                                   
 168   1              if(buf[0] == temp)                              //判断是否返回第二字节，返回正确发送剩下的字节
 169   1              {       
 170   2                      
 171   2                      SendChar_1(17,&SendBuf_1[5]);
 172   2                      ReceArt_1(2);   
 173   2                                                                                              
 174   2              }       
 175   1                                
 176   1              if(buf[0]==0x61 && buf[1] ==0x08 )       //判断应答位是否正确
 177   1              {       
 178   2                      SendChar_1(5,SendBuf_2) ;                //应答正确发送读取数据信息
C51 COMPILER V9.01   TEST_FUN2                                                             05/27/2011 11:08:21 PAGE 4   

 179   2                      ReceArt_1(11);                                   //返回数据应为84 5555555555555555 9000 
 180   2              }               
 181   1              while(1);
 182   1      }                 


MODULE INFORMATION:   STATIC OVERLAYABLE
   CODE SIZE        =    508    ----
   CONSTANT SIZE    =   ----    ----
   XDATA SIZE       =   ----    ----
   PDATA SIZE       =   ----    ----
   DATA SIZE        =     56      15
   IDATA SIZE       =   ----    ----
   BIT SIZE         =   ----    ----
END OF MODULE INFORMATION.


C51 COMPILATION COMPLETE.  0 WARNING(S),  0 ERROR(S)
