<html>
<body>
<pre>
<h1>礦ision Build Log</h1>
<h2>Project:</h2>
E:\NXP LPC1768\4101高速程序\IO 模拟高速\算法测试\A3协议\A3协议_230000\Fun2_230000\fun2.uvproj
Project File Date:  05/27/2011

<h2>Output:</h2>
Build target 'Target 1'
compiling system_LPC17xx.c...
assembling startup_LPC17xx.s...
compiling fun2.c...
linking...
Program Size: Code=1580 RO-data=404 RW-data=28 ZI-data=644  
FromELF: creating hex file...
".\Obj\fun2.axf" - 0 Error(s), 0 Warning(s).
Build target 'Target 1'
compiling system_LPC17xx.c...
assembling startup_LPC17xx.s...
compiling fun2.c...
linking...
Program Size: Code=1580 RO-data=404 RW-data=28 ZI-data=644  
FromELF: creating hex file...
".\Obj\fun2.axf" - 0 Error(s), 0 Warning(s).
