BL51 BANKED LINKER/LOCATER V6.22                                                        04/06/2011  11:37:59  PAGE 1


BL51 BANKED LINKER/LOCATER V6.22, INVOKED BY:
C:\KEIL\C51\BIN\BL51.EXE STARTUP.obj, Test_fun1.obj TO Test_fun1


MEMORY MODEL: SMALL


INPUT MODULES INCLUDED:
  STARTUP.obj (?C_STARTUP)
  Test_fun1.obj (TEST_FUN1)
  C:\KEIL\C51\LIB\C51S.LIB (?C_INIT)
  C:\KEIL\C51\LIB\C51S.LIB (?C?CLDOPTR)


LINK MAP OF MODULE:  Test_fun1 (?C_STARTUP)


            TYPE    BASE      LENGTH    RELOCATION   SEGMENT NAME
            -----------------------------------------------------

            * * * * * * *   D A T A   M E M O R Y   * * * * * * *
            REG     0000H     0008H     ABSOLUTE     "REG BANK 0"
            DATA    0008H     0035H     UNIT         ?DT?TEST_FUN1
            DATA    003DH     0006H     UNIT         _DATA_GROUP_
            IDATA   0043H     0001H     UNIT         ?STACK

            * * * * * * *   C O D E   M E M O R Y   * * * * * * *
            CODE    0000H     0003H     ABSOLUTE     
                    0003H     07FDH                  *** GAP ***
            CODE    0800H     008CH     UNIT         ?C_C51STARTUP
            CODE    088CH     005BH     UNIT         ?PR?_RECEART?TEST_FUN1
            CODE    08E7H     0058H     UNIT         ?PR?_SENDCHAR?TEST_FUN1
            CODE    093FH     0045H     UNIT         ?PR?MAIN?TEST_FUN1
            CODE    0984H     002DH     UNIT         ?C?LIB_CODE
            CODE    09B1H     0021H     UNIT         ?C_INITSEG
            CODE    09D2H     000DH     UNIT         ?PR?REST?TEST_FUN1
            CODE    09DFH     0007H     UNIT         ?PR?DELAY?TEST_FUN1
            CODE    09E6H     0007H     UNIT         ?PR?DELAY_100US?TEST_FUN1



OVERLAY MAP OF MODULE:   Test_fun1 (?C_STARTUP)


SEGMENT                             DATA_GROUP 
  +--> CALLED SEGMENT             START    LENGTH
-------------------------------------------------
?C_C51STARTUP                     -----    -----
  +--> ?PR?MAIN?TEST_FUN1
  +--> ?C_INITSEG

?PR?MAIN?TEST_FUN1                003DH    0001H
  +--> ?PR?REST?TEST_FUN1
  +--> ?PR?_RECEART?TEST_FUN1
  +--> ?PR?DELAY_100US?TEST_FUN1
  +--> ?PR?_SENDCHAR?TEST_FUN1

?PR?REST?TEST_FUN1                -----    -----
BL51 BANKED LINKER/LOCATER V6.22                                                      04/06/2011  11:37:59  PAGE 2


  +--> ?PR?DELAY?TEST_FUN1
  +--> ?PR?DELAY_100US?TEST_FUN1

?PR?_RECEART?TEST_FUN1            003EH    0002H
  +--> ?PR?DELAY_100US?TEST_FUN1

?PR?_SENDCHAR?TEST_FUN1           003EH    0005H
  +--> ?PR?DELAY_100US?TEST_FUN1



SYMBOL TABLE OF MODULE:  Test_fun1 (?C_STARTUP)

  VALUE           TYPE          NAME
  ----------------------------------

  -------         MODULE        ?C_STARTUP
  C:0800H         SEGMENT       ?C_C51STARTUP
  I:0043H         SEGMENT       ?STACK
  C:0000H         PUBLIC        ?C_STARTUP
  D:00E0H         SYMBOL        ACC
  D:00F0H         SYMBOL        B
  D:0083H         SYMBOL        DPH
  D:0082H         SYMBOL        DPL
  N:0000H         SYMBOL        IBPSTACK
  N:0100H         SYMBOL        IBPSTACKTOP
  N:0080H         SYMBOL        IDATALEN
  C:0803H         SYMBOL        IDATALOOP
  N:0000H         SYMBOL        PBPSTACK
  N:0100H         SYMBOL        PBPSTACKTOP
  N:0000H         SYMBOL        PDATALEN
  N:0000H         SYMBOL        PDATASTART
  N:0000H         SYMBOL        PPAGE
  N:0000H         SYMBOL        PPAGEENABLE
  D:00A0H         SYMBOL        PPAGE_SFR
  D:0081H         SYMBOL        SP
  C:0800H         SYMBOL        STARTUP1
  N:0000H         SYMBOL        XBPSTACK
  N:0000H         SYMBOL        XBPSTACKTOP
  N:0000H         SYMBOL        XDATALEN
  N:0000H         SYMBOL        XDATASTART
  C:0000H         LINE#         126
  C:0800H         LINE#         133
  C:0802H         LINE#         134
  C:0803H         LINE#         135
  C:0804H         LINE#         136
  C:0806H         LINE#         185
  C:0809H         LINE#         196
  -------         ENDMOD        ?C_STARTUP

  -------         MODULE        TEST_FUN1
  C:0000H         SYMBOL        _ICE_DUMMY_
  D:00A0H         PUBLIC        P2
  C:08E7H         PUBLIC        _SendChar
  B:00A0H.0       PUBLIC        IO
  C:09D2H         PUBLIC        Rest
  C:093FH         PUBLIC        main
BL51 BANKED LINKER/LOCATER V6.22                                                      04/06/2011  11:37:59  PAGE 3


  C:088CH         PUBLIC        _ReceArt
  D:0008H         PUBLIC        SendBuf_1
  D:001FH         PUBLIC        SendBuf_2
  D:0024H         PUBLIC        buf
  B:00A0H.2       PUBLIC        REST
  D:00E0H         PUBLIC        ACC
  C:09E6H         PUBLIC        Delay_100us
  B:00D0H.0       PUBLIC        P
  C:09DFH         PUBLIC        Delay
  -------         PROC          DELAY
  -------         DO            
  D:0007H         SYMBOL        i
  -------         ENDDO         
  C:09DFH         LINE#         16
  C:09DFH         LINE#         17
  C:09DFH         LINE#         19
  C:09E5H         LINE#         20
  -------         ENDPROC       DELAY
  -------         PROC          DELAY_100US
  -------         DO            
  D:0007H         SYMBOL        i
  -------         ENDDO         
  C:09E6H         LINE#         24
  C:09E6H         LINE#         25
  C:09E6H         LINE#         27
  C:09ECH         LINE#         28
  -------         ENDPROC       DELAY_100US
  -------         PROC          REST
  C:09D2H         LINE#         31
  C:09D2H         LINE#         32
  C:09D2H         LINE#         33
  C:09D5H         LINE#         34
  C:09D7H         LINE#         35
  C:09D9H         LINE#         36
  C:09DCH         LINE#         37
  C:09DEH         LINE#         38
  -------         ENDPROC       REST
  -------         PROC          _RECEART
  D:003EH         SYMBOL        m
  -------         DO            
  D:0006H         SYMBOL        i
  D:003FH         SYMBOL        n
  -------         ENDDO         
  C:088CH         LINE#         41
  C:088EH         LINE#         42
  C:088EH         LINE#         45
  C:08A5H         LINE#         46
  C:08A5H         LINE#         47
  C:08A8H         LINE#         48
  C:08AAH         LINE#         49
  C:08AAH         LINE#         50
  C:08ADH         LINE#         51
  C:08BBH         LINE#         52
  C:08BEH         LINE#         53
  C:08C7H         LINE#         54
  C:08CBH         LINE#         55
  C:08CEH         LINE#         56
BL51 BANKED LINKER/LOCATER V6.22                                                      04/06/2011  11:37:59  PAGE 4


  C:08D4H         LINE#         57
  C:08DCH         LINE#         58
  C:08DCH         LINE#         59
  C:08DFH         LINE#         60
  C:08E2H         LINE#         61
  C:08E2H         LINE#         62
  C:08E6H         LINE#         64
  -------         ENDPROC       _RECEART
  -------         PROC          _SENDCHAR
  D:003EH         SYMBOL        m
  D:003FH         SYMBOL        Send
  -------         DO            
  D:0004H         SYMBOL        i
  D:0006H         SYMBOL        n
  D:0042H         SYMBOL        flag
  D:0005H         SYMBOL        SendChar
  -------         ENDDO         
  C:08E7H         LINE#         68
  C:08EFH         LINE#         69
  C:08EFH         LINE#         72
  C:08F7H         LINE#         73
  C:08F7H         LINE#         74
  C:0906H         LINE#         75
  C:090CH         LINE#         76
  C:090EH         LINE#         77
  C:0910H         LINE#         78
  C:0912H         LINE#         79
  C:0912H         LINE#         80
  C:0915H         LINE#         81
  C:0919H         LINE#         82
  C:091DH         LINE#         84
  C:091FH         LINE#         85
  C:0923H         LINE#         86
  C:0927H         LINE#         87
  C:092AH         LINE#         88
  C:0930H         LINE#         89
  C:0933H         LINE#         90
  C:0935H         LINE#         91
  C:0938H         LINE#         92
  C:093BH         LINE#         93
  C:093EH         LINE#         94
  -------         ENDPROC       _SENDCHAR
  -------         PROC          MAIN
  -------         DO            
  D:003DH         SYMBOL        temp
  -------         ENDDO         
  C:093FH         LINE#         96
  C:093FH         LINE#         97
  C:093FH         LINE#         99
  C:0942H         LINE#         100
  C:0945H         LINE#         101
  C:094AH         LINE#         102
  C:094DH         LINE#         103
  C:0958H         LINE#         104
  C:095DH         LINE#         105
  C:0962H         LINE#         106
  C:0962H         LINE#         108
BL51 BANKED LINKER/LOCATER V6.22                                                      04/06/2011  11:37:59  PAGE 5


  C:096DH         LINE#         109
  C:0972H         LINE#         111
  C:0972H         LINE#         112
  C:0972H         LINE#         113
  C:097DH         LINE#         114
  C:0982H         LINE#         115
  -------         ENDPROC       MAIN
  -------         ENDMOD        TEST_FUN1

  -------         MODULE        ?C?CLDOPTR
  C:0984H         PUBLIC        ?C?CLDOPTR
  -------         ENDMOD        ?C?CLDOPTR

******************************************************************************
* RESTRICTED VERSION WITH 0800H BYTE CODE SIZE LIMIT; USED: 0142H BYTE (15%) *
******************************************************************************

Program Size: data=68.0 xdata=0 code=496
LINK/LOCATE RUN COMPLETE.  0 WARNING(S),  0 ERROR(S)
